// Jest Snapshot v1, https://goo.gl/fbAQLP

exports[`<Profile /> match snapshot 1`] = `
<div>
  <div>
    <b>
      ming
    </b>
     
    <span>
      (
      밍
      )
    </span>
  </div>
</div>
`;
